{
    "Count": 17,
    "Message": "Results returned successfully",
    "SearchCriteria": "Manufacturer:honda",
    "Results": [
        {
            "Make_ID": 474,
            "Make_Name": "Honda",
            "Mfr_Name": "HONDA MOTOR CO., LTD"
        },
        {
            "Make_ID": 474,
            "Make_Name": "Honda",
            "Mfr_Name": "HONDA OF AMERICA MFG., INC."
        },
        {
            "Make_ID": 474,
            "Make_Name": "Honda",
            "Mfr_Name": "HONDA MFG., ALABAMA., LLC."
        },
        {
            "Make_ID": 474,
            "Make_Name": "Honda",
            "Mfr_Name": "HONDA OF CANADA MFG., INC."
        },
        {
            "Make_ID": 474,
            "Make_Name": "Honda",
            "Mfr_Name": "HONDA OF THE U.K. MFG., LTD."
        },
        {
            "Make_ID": 474,
            "Make_Name": "Honda",
            "Mfr_Name": "HONDA DE MEXICO"
        },
        {
            "Make_ID": 474,
            "Make_Name": "Honda",
            "Mfr_Name": "HONDA MFG., INDIANA., LLC."
        },
        {
            "Make_ID": 474,
            "Make_Name": "Honda",
            "Mfr_Name": "AMERICAN HONDA MOTOR CO., INC."
        },
        {
            "Make_ID": 474,
            "Make_Name": "Honda",
            "Mfr_Name": "SUNDIRO HONDA MOTORCYCLE CO., LTD."
        },
        {
            "Make_ID": 474,
            "Make_Name": "Honda",
            "Mfr_Name": "MONTESA HONDA SA"
        },
        {
            "Make_ID": 475,
            "Make_Name": "Acura",
            "Mfr_Name": "HONDA MOTOR CO., LTD"
        },
        {
            "Make_ID": 475,
            "Make_Name": "Acura",
            "Mfr_Name": "HONDA OF AMERICA MFG., INC."
        },
        {
            "Make_ID": 475,
            "Make_Name": "Acura",
            "Mfr_Name": "HONDA MFG., ALABAMA., LLC."
        },
        {
            "Make_ID": 475,
            "Make_Name": "Acura",
            "Mfr_Name": "HONDA OF CANADA MFG., INC."
        },
        {
            "Make_ID": 475,
            "Make_Name": "Acura",
            "Mfr_Name": "HONDA MFG., INDIANA., LLC."
        },
        {
            "Make_ID": 542,
            "Make_Name": "Isuzu",
            "Mfr_Name": "AMERICAN HONDA MOTOR CO., INC."
        },
        {
            "Make_ID": 7351,
            "Make_Name": "Sundiro  Honda Motorcycle Co. Ltd ",
            "Mfr_Name": "SUNDIRO HONDA MOTORCYCLE CO., LTD."
        }
    ]
}
